<picture>
                        <source
                type="image/webp"
                 media=""                 srcset="data:image/svg+xml;base64,PCFET0NUWVBFIHN2ZyBQVUJMSUMgIi0vL1czQy8vRFREIFNWRyAxLjEvL0VOIiAiaHR0cDovL3d3dy53My5vcmcvR3JhcGhpY3MvU1ZHLzEuMS9EVEQvc3ZnMTEuZHRkIj4KPHN2ZyB2ZXJzaW9uPSIxLjEiIHhtbG5zPSJodHRwOi8vd3d3LnczLm9yZy8yMDAwL3N2ZyIgeG1sbnM6eGxpbms9Imh0dHA6Ly93d3cudzMub3JnLzE5OTkveGxpbmsiIHhtbDpzcGFjZT0icHJlc2VydmUiIHg9IjAiCiAgICAgeT0iMCIgdmlld0JveD0iMCAwIDM0MCAzNDAiPgogICAgPGltYWdlIHdpZHRoPSIzNDAiIGhlaWdodD0iMzQwIiB4bGluazpocmVmPSJkYXRhOmltYWdlL2pwZWc7YmFzZTY0LC85ai80QUFRU2taSlJnQUJBUUVBWUFCZ0FBRC8vZ0E3UTFKRlFWUlBVam9nWjJRdGFuQmxaeUIyTVM0d0lDaDFjMmx1WnlCSlNrY2dTbEJGUnlCMk9UQXBMQ0J4ZFdGc2FYUjVJRDBnT1RBSy85c0FRd0FEQWdJREFnSURBd01EQkFNREJBVUlCUVVFQkFVS0J3Y0dDQXdLREF3TENnc0xEUTRTRUEwT0VRNExDeEFXRUJFVEZCVVZGUXdQRnhnV0ZCZ1NGQlVVLzlzQVF3RURCQVFGQkFVSkJRVUpGQTBMRFJRVUZCUVVGQlFVRkJRVUZCUVVGQlFVRkJRVUZCUVVGQlFVRkJRVUZCUVVGQlFVRkJRVUZCUVVGQlFVRkJRVUZCUVUvOEFBRVFnQUlBQWdBd0VSQUFJUkFRTVJBZi9FQUI4QUFBRUZBUUVCQVFFQkFBQUFBQUFBQUFBQkFnTUVCUVlIQ0FrS0MvL0VBTFVRQUFJQkF3TUNCQU1GQlFRRUFBQUJmUUVDQXdBRUVRVVNJVEZCQmhOUllRY2ljUlF5Z1pHaENDTkNzY0VWVXRId0pETmljb0lKQ2hZWEdCa2FKU1luS0NrcU5EVTJOemc1T2tORVJVWkhTRWxLVTFSVlZsZFlXVnBqWkdWbVoyaHBhbk4wZFhaM2VIbDZnNFNGaG9lSWlZcVNrNVNWbHBlWW1acWlvNlNscHFlb3FhcXlzN1MxdHJlNHVickN3OFRGeHNmSXljclMwOVRWMXRmWTJkcmg0dVBrNWVibjZPbnE4Zkx6OVBYMjkvajUrdi9FQUI4QkFBTUJBUUVCQVFFQkFRRUFBQUFBQUFBQkFnTUVCUVlIQ0FrS0MvL0VBTFVSQUFJQkFnUUVBd1FIQlFRRUFBRUNkd0FCQWdNUkJBVWhNUVlTUVZFSFlYRVRJaktCQ0JSQ2thR3h3UWtqTTFMd0ZXSnkwUW9XSkRUaEpmRVhHQmthSmljb0tTbzFOamM0T1RwRFJFVkdSMGhKU2xOVVZWWlhXRmxhWTJSbFptZG9hV3B6ZEhWMmQzaDVlb0tEaElXR2g0aUppcEtUbEpXV2w1aVptcUtqcEtXbXA2aXBxckt6dExXMnQ3aTV1c0xEeE1YR3g4akp5dExUMU5YVzE5aloydUxqNU9YbTUranA2dkx6OVBYMjkvajUrdi9hQUF3REFRQUNFUU1SQUQ4QTZtTDRwUTZaYStmcUtGRXppdTJyVGhHbXBKbmpZUEZUcnRxU0wyc2VNYi9VTGVDNjBEeTVJSFhKM0hrVnhIcjh5N2pkRThXNmxhUnozV3VORkhieHJuNVRRYWNyN0dsNGQ4ZTZmNG9oa2V5Y01GT01kNlZYM0tibWZPWnJqcDRPTjRvNTdVN253VkpvNXR0WHVJMHVCeUVKNXI4c3I0L05IbXRPbEJQMmQ5VHV4OU9XSHdFNVVWNzlqelR4VDQ0MEh3N3B6alRiNDdGNktyVjkzbXNxME1UUlZEWjJ1ZmltVFkvUHF1WVJoaUl2a3Y4QWdlV2ExOFRaOVYwOWxpdXBIRGdqWm12dDgzaFFoaHFNcUh4TzF6L1FQS2N2eUNybDhaMTVMbnNhUDdQUGp5NXN2RmMxbmNreHd0MERjVjlUbWVYWUNwa3NKVUgrOGExUDV2NG13OFpZaXBUdzZ2SG9hM3hqOEczcS9FS09lT09XYTBmcUV6Z1YrVjBZUWE1cmFuMFdhVXVTcTFiUXpibndkcFdweGZacFpCQktlQ0hPTVYxTnhiMVBEVkNDZDFFOVkrQzN3RzhQWHVxV2tWeE5CY0tTTXFXQnpWT2FlaloyS3RVaXJKczJmanI4QnJId1g0a2oxTFNrUzJ0d244SEdhK3U0ZGZ0Y1hHRTlVZWxsdEgyOWRjeXVlbWFkb2R2SGRHVzZoU2ZQOThacjgvZENhcHVNWHFiNWxqb1l1U2NVY3I0NCtCMmdhOUhQZXc3b2JwdVFFT0svTE1YUnoyamlmY2xlSmVYZlZaVlY3YlkwUGgzOExkUDhJeDI5NkxpVnJxUG5CYWpDVWM5clluMzVXaUdZL1ZZMVg3SFkwL2lqcDEzNDV0UEw4MGdBWUhOZnV1UlltV1hWWTFLbXRoWlpqNFlPYmxKSC85az0iIC8+Cjwvc3ZnPgo= 32w, /img/asset/dGVzdF9jb250YWluZXIvdGVzdC5qcGc=?fm=webp&amp;w=237&amp;h=237&amp;s=3bb8f56ec97a14301c633df1b99f1aff 237w, /img/asset/dGVzdF9jb250YWluZXIvdGVzdC5qcGc=?fm=webp&amp;w=284&amp;h=284&amp;s=00efb1adaa53b6fa43b76209e299a418 284w, /img/asset/dGVzdF9jb250YWluZXIvdGVzdC5qcGc=?fm=webp&amp;w=340&amp;h=340&amp;s=0ab01b0d8c5ffbbc508400a067a1ead3 340w"
                 sizes="1px"             >
        
        <source
             media=""             srcset="data:image/svg+xml;base64,PCFET0NUWVBFIHN2ZyBQVUJMSUMgIi0vL1czQy8vRFREIFNWRyAxLjEvL0VOIiAiaHR0cDovL3d3dy53My5vcmcvR3JhcGhpY3MvU1ZHLzEuMS9EVEQvc3ZnMTEuZHRkIj4KPHN2ZyB2ZXJzaW9uPSIxLjEiIHhtbG5zPSJodHRwOi8vd3d3LnczLm9yZy8yMDAwL3N2ZyIgeG1sbnM6eGxpbms9Imh0dHA6Ly93d3cudzMub3JnLzE5OTkveGxpbmsiIHhtbDpzcGFjZT0icHJlc2VydmUiIHg9IjAiCiAgICAgeT0iMCIgdmlld0JveD0iMCAwIDM0MCAzNDAiPgogICAgPGltYWdlIHdpZHRoPSIzNDAiIGhlaWdodD0iMzQwIiB4bGluazpocmVmPSJkYXRhOmltYWdlL2pwZWc7YmFzZTY0LC85ai80QUFRU2taSlJnQUJBUUVBWUFCZ0FBRC8vZ0E3UTFKRlFWUlBVam9nWjJRdGFuQmxaeUIyTVM0d0lDaDFjMmx1WnlCSlNrY2dTbEJGUnlCMk9UQXBMQ0J4ZFdGc2FYUjVJRDBnT1RBSy85c0FRd0FEQWdJREFnSURBd01EQkFNREJBVUlCUVVFQkFVS0J3Y0dDQXdLREF3TENnc0xEUTRTRUEwT0VRNExDeEFXRUJFVEZCVVZGUXdQRnhnV0ZCZ1NGQlVVLzlzQVF3RURCQVFGQkFVSkJRVUpGQTBMRFJRVUZCUVVGQlFVRkJRVUZCUVVGQlFVRkJRVUZCUVVGQlFVRkJRVUZCUVVGQlFVRkJRVUZCUVVGQlFVRkJRVUZCUVUvOEFBRVFnQUlBQWdBd0VSQUFJUkFRTVJBZi9FQUI4QUFBRUZBUUVCQVFFQkFBQUFBQUFBQUFBQkFnTUVCUVlIQ0FrS0MvL0VBTFVRQUFJQkF3TUNCQU1GQlFRRUFBQUJmUUVDQXdBRUVRVVNJVEZCQmhOUllRY2ljUlF5Z1pHaENDTkNzY0VWVXRId0pETmljb0lKQ2hZWEdCa2FKU1luS0NrcU5EVTJOemc1T2tORVJVWkhTRWxLVTFSVlZsZFlXVnBqWkdWbVoyaHBhbk4wZFhaM2VIbDZnNFNGaG9lSWlZcVNrNVNWbHBlWW1acWlvNlNscHFlb3FhcXlzN1MxdHJlNHVickN3OFRGeHNmSXljclMwOVRWMXRmWTJkcmg0dVBrNWVibjZPbnE4Zkx6OVBYMjkvajUrdi9FQUI4QkFBTUJBUUVCQVFFQkFRRUFBQUFBQUFBQkFnTUVCUVlIQ0FrS0MvL0VBTFVSQUFJQkFnUUVBd1FIQlFRRUFBRUNkd0FCQWdNUkJBVWhNUVlTUVZFSFlYRVRJaktCQ0JSQ2thR3h3UWtqTTFMd0ZXSnkwUW9XSkRUaEpmRVhHQmthSmljb0tTbzFOamM0T1RwRFJFVkdSMGhKU2xOVVZWWlhXRmxhWTJSbFptZG9hV3B6ZEhWMmQzaDVlb0tEaElXR2g0aUppcEtUbEpXV2w1aVptcUtqcEtXbXA2aXBxckt6dExXMnQ3aTV1c0xEeE1YR3g4akp5dExUMU5YVzE5aloydUxqNU9YbTUranA2dkx6OVBYMjkvajUrdi9hQUF3REFRQUNFUU1SQUQ4QTZtTDRwUTZaYStmcUtGRXppdTJyVGhHbXBKbmpZUEZUcnRxU0wyc2VNYi9VTGVDNjBEeTVJSFhKM0hrVnhIcjh5N2pkRThXNmxhUnozV3VORkhieHJuNVRRYWNyN0dsNGQ4ZTZmNG9oa2V5Y01GT01kNlZYM0tibWZPWnJqcDRPTjRvNTdVN253VkpvNXR0WHVJMHVCeUVKNXI4c3I0L05IbXRPbEJQMmQ5VHV4OU9XSHdFNVVWNzlqelR4VDQ0MEh3N3B6alRiNDdGNktyVjkzbXNxME1UUlZEWjJ1ZmltVFkvUHF1WVJoaUl2a3Y4QWdlV2ExOFRaOVYwOWxpdXBIRGdqWm12dDgzaFFoaHFNcUh4TzF6L1FQS2N2eUNybDhaMTVMbnNhUDdQUGp5NXN2RmMxbmNreHd0MERjVjlUbWVYWUNwa3NKVUgrOGExUDV2NG13OFpZaXBUdzZ2SG9hM3hqOEczcS9FS09lT09XYTBmcUV6Z1YrVjBZUWE1cmFuMFdhVXVTcTFiUXpibndkcFdweGZacFpCQktlQ0hPTVYxTnhiMVBEVkNDZDFFOVkrQzN3RzhQWHVxV2tWeE5CY0tTTXFXQnpWT2FlaloyS3RVaXJKczJmanI4QnJId1g0a2oxTFNrUzJ0d244SEdhK3U0ZGZ0Y1hHRTlVZWxsdEgyOWRjeXVlbWFkb2R2SGRHVzZoU2ZQOThacjgvZENhcHVNWHFiNWxqb1l1U2NVY3I0NCtCMmdhOUhQZXc3b2JwdVFFT0svTE1YUnoyamlmY2xlSmVYZlZaVlY3YlkwUGgzOExkUDhJeDI5NkxpVnJxUG5CYWpDVWM5clluMzVXaUdZL1ZZMVg3SFkwL2lqcDEzNDV0UEw4MGdBWUhOZnV1UlltV1hWWTFLbXRoWlpqNFlPYmxKSC85az0iIC8+Cjwvc3ZnPgo= 32w, /img/asset/dGVzdF9jb250YWluZXIvdGVzdC5qcGc=?w=237&amp;h=237&amp;s=44393a023c319a0682bdd54514e0f023 237w, /img/asset/dGVzdF9jb250YWluZXIvdGVzdC5qcGc=?w=284&amp;h=284&amp;s=b99d408d6e5b9310db88c812500237c6 284w, /img/asset/dGVzdF9jb250YWluZXIvdGVzdC5qcGc=?w=340&amp;h=340&amp;s=17f7533fe7c2d620c61e3f2ae758f422 340w"
             sizes="1px"         >
                        <source
                type="image/webp"
                 media="(min-width: 1024px)"                 srcset="data:image/svg+xml;base64,PCFET0NUWVBFIHN2ZyBQVUJMSUMgIi0vL1czQy8vRFREIFNWRyAxLjEvL0VOIiAiaHR0cDovL3d3dy53My5vcmcvR3JhcGhpY3MvU1ZHLzEuMS9EVEQvc3ZnMTEuZHRkIj4KPHN2ZyB2ZXJzaW9uPSIxLjEiIHhtbG5zPSJodHRwOi8vd3d3LnczLm9yZy8yMDAwL3N2ZyIgeG1sbnM6eGxpbms9Imh0dHA6Ly93d3cudzMub3JnLzE5OTkveGxpbmsiIHhtbDpzcGFjZT0icHJlc2VydmUiIHg9IjAiCiAgICAgeT0iMCIgdmlld0JveD0iMCAwIDM0MCAyMjYuNjY2NjY2NjY2NjciPgogICAgPGltYWdlIHdpZHRoPSIzNDAiIGhlaWdodD0iMjI2LjY2NjY2NjY2NjY3IiB4bGluazpocmVmPSJkYXRhOmltYWdlL2pwZWc7YmFzZTY0LC85ai80QUFRU2taSlJnQUJBUUVBWUFCZ0FBRC8vZ0E3UTFKRlFWUlBVam9nWjJRdGFuQmxaeUIyTVM0d0lDaDFjMmx1WnlCSlNrY2dTbEJGUnlCMk9UQXBMQ0J4ZFdGc2FYUjVJRDBnT1RBSy85c0FRd0FEQWdJREFnSURBd01EQkFNREJBVUlCUVVFQkFVS0J3Y0dDQXdLREF3TENnc0xEUTRTRUEwT0VRNExDeEFXRUJFVEZCVVZGUXdQRnhnV0ZCZ1NGQlVVLzlzQVF3RURCQVFGQkFVSkJRVUpGQTBMRFJRVUZCUVVGQlFVRkJRVUZCUVVGQlFVRkJRVUZCUVVGQlFVRkJRVUZCUVVGQlFVRkJRVUZCUVVGQlFVRkJRVUZCUVUvOEFBRVFnQUZRQWdBd0VSQUFJUkFRTVJBZi9FQUI4QUFBRUZBUUVCQVFFQkFBQUFBQUFBQUFBQkFnTUVCUVlIQ0FrS0MvL0VBTFVRQUFJQkF3TUNCQU1GQlFRRUFBQUJmUUVDQXdBRUVRVVNJVEZCQmhOUllRY2ljUlF5Z1pHaENDTkNzY0VWVXRId0pETmljb0lKQ2hZWEdCa2FKU1luS0NrcU5EVTJOemc1T2tORVJVWkhTRWxLVTFSVlZsZFlXVnBqWkdWbVoyaHBhbk4wZFhaM2VIbDZnNFNGaG9lSWlZcVNrNVNWbHBlWW1acWlvNlNscHFlb3FhcXlzN1MxdHJlNHVickN3OFRGeHNmSXljclMwOVRWMXRmWTJkcmg0dVBrNWVibjZPbnE4Zkx6OVBYMjkvajUrdi9FQUI4QkFBTUJBUUVCQVFFQkFRRUFBQUFBQUFBQkFnTUVCUVlIQ0FrS0MvL0VBTFVSQUFJQkFnUUVBd1FIQlFRRUFBRUNkd0FCQWdNUkJBVWhNUVlTUVZFSFlYRVRJaktCQ0JSQ2thR3h3UWtqTTFMd0ZXSnkwUW9XSkRUaEpmRVhHQmthSmljb0tTbzFOamM0T1RwRFJFVkdSMGhKU2xOVVZWWlhXRmxhWTJSbFptZG9hV3B6ZEhWMmQzaDVlb0tEaElXR2g0aUppcEtUbEpXV2w1aVptcUtqcEtXbXA2aXBxckt6dExXMnQ3aTV1c0xEeE1YR3g4akp5dExUMU5YVzE5aloydUxqNU9YbTUranA2dkx6OVBYMjkvajUrdi9hQUF3REFRQUNFUU1SQUQ4QTdMVzdIVkpieWVldythUlJ3SzRNUm5HSHkrSExXZTU0OHFNblZkWG9qbU5WMUtmVU5ORWV2cHNlUHVLdWVLaEJRay90YkhrVStKY0ZVeFAxV012ZXZZNVc3K0tXbitDTk5sR21uTXJkU1RYdFR3bFNuS0VXdmkyUDErSERHTm5odnJTajd0cm5wbndtOGZyNDUwcGJqZURJUHZBVm5tdUJyNEdVRlVWcm41TGlhYzZlTk9ZK09maXJXdkJZaGwwbGlxeW5ERUN2a2NibGRITVpyMnZRKzVyNFZRbzM3bmp1czZuNGw4VGFleGE3eTdqcFhyeXd0T2NZUmYyZGo4OXBjTDRPbGkvcmNWNzE3bWw0Qi9aMTF6NGdLWWJpNEs1VW5yWHVWTVpPcEtFbjluWS9hYWZGV01wNFQ2b243dHJIYS9DendmcWZ3cThUWE9rVDdqRUdJQlBldnFhc3BaMVE5clczaWZKUnk2T0o1cTh0ejF6eEZvMXI0ZzFPRzJ2SWhMRVQwTmZtRXB1RW0wZlcxYVVaWUZTWndmeEsrR09tNlVEY1dja2x1VkhDcjByOGx4dkZPTm9ZMTBZMnNlWGdjRlRyMUZHUjJQd0x0NXRMQ1hLM1VramJmdXQwb3dYRk9OcjQxVVpXc0dPd1ZPaFVjWW1kNDAxT1c3K0lpYmdCazlxL3FQSTVPZUFtMmV2UnBSV0Jja2YvMlE9PSIgLz4KPC9zdmc+Cg== 32w, /img/asset/dGVzdF9jb250YWluZXIvdGVzdC5qcGc=?fm=webp&amp;w=237&amp;h=158&amp;s=0afd492336bd1522b81bd46156d5ba1b 237w, /img/asset/dGVzdF9jb250YWluZXIvdGVzdC5qcGc=?fm=webp&amp;w=284&amp;h=189.33333333333&amp;s=8b1a3a29f43810165b0fcbb1db5cecdc 284w, /img/asset/dGVzdF9jb250YWluZXIvdGVzdC5qcGc=?fm=webp&amp;w=340&amp;h=226.66666666667&amp;s=83680f84336a11aa79ae02066abc7ff9 340w"
                 sizes="1px"             >
        
        <source
             media="(min-width: 1024px)"             srcset="data:image/svg+xml;base64,PCFET0NUWVBFIHN2ZyBQVUJMSUMgIi0vL1czQy8vRFREIFNWRyAxLjEvL0VOIiAiaHR0cDovL3d3dy53My5vcmcvR3JhcGhpY3MvU1ZHLzEuMS9EVEQvc3ZnMTEuZHRkIj4KPHN2ZyB2ZXJzaW9uPSIxLjEiIHhtbG5zPSJodHRwOi8vd3d3LnczLm9yZy8yMDAwL3N2ZyIgeG1sbnM6eGxpbms9Imh0dHA6Ly93d3cudzMub3JnLzE5OTkveGxpbmsiIHhtbDpzcGFjZT0icHJlc2VydmUiIHg9IjAiCiAgICAgeT0iMCIgdmlld0JveD0iMCAwIDM0MCAyMjYuNjY2NjY2NjY2NjciPgogICAgPGltYWdlIHdpZHRoPSIzNDAiIGhlaWdodD0iMjI2LjY2NjY2NjY2NjY3IiB4bGluazpocmVmPSJkYXRhOmltYWdlL2pwZWc7YmFzZTY0LC85ai80QUFRU2taSlJnQUJBUUVBWUFCZ0FBRC8vZ0E3UTFKRlFWUlBVam9nWjJRdGFuQmxaeUIyTVM0d0lDaDFjMmx1WnlCSlNrY2dTbEJGUnlCMk9UQXBMQ0J4ZFdGc2FYUjVJRDBnT1RBSy85c0FRd0FEQWdJREFnSURBd01EQkFNREJBVUlCUVVFQkFVS0J3Y0dDQXdLREF3TENnc0xEUTRTRUEwT0VRNExDeEFXRUJFVEZCVVZGUXdQRnhnV0ZCZ1NGQlVVLzlzQVF3RURCQVFGQkFVSkJRVUpGQTBMRFJRVUZCUVVGQlFVRkJRVUZCUVVGQlFVRkJRVUZCUVVGQlFVRkJRVUZCUVVGQlFVRkJRVUZCUVVGQlFVRkJRVUZCUVUvOEFBRVFnQUZRQWdBd0VSQUFJUkFRTVJBZi9FQUI4QUFBRUZBUUVCQVFFQkFBQUFBQUFBQUFBQkFnTUVCUVlIQ0FrS0MvL0VBTFVRQUFJQkF3TUNCQU1GQlFRRUFBQUJmUUVDQXdBRUVRVVNJVEZCQmhOUllRY2ljUlF5Z1pHaENDTkNzY0VWVXRId0pETmljb0lKQ2hZWEdCa2FKU1luS0NrcU5EVTJOemc1T2tORVJVWkhTRWxLVTFSVlZsZFlXVnBqWkdWbVoyaHBhbk4wZFhaM2VIbDZnNFNGaG9lSWlZcVNrNVNWbHBlWW1acWlvNlNscHFlb3FhcXlzN1MxdHJlNHVickN3OFRGeHNmSXljclMwOVRWMXRmWTJkcmg0dVBrNWVibjZPbnE4Zkx6OVBYMjkvajUrdi9FQUI4QkFBTUJBUUVCQVFFQkFRRUFBQUFBQUFBQkFnTUVCUVlIQ0FrS0MvL0VBTFVSQUFJQkFnUUVBd1FIQlFRRUFBRUNkd0FCQWdNUkJBVWhNUVlTUVZFSFlYRVRJaktCQ0JSQ2thR3h3UWtqTTFMd0ZXSnkwUW9XSkRUaEpmRVhHQmthSmljb0tTbzFOamM0T1RwRFJFVkdSMGhKU2xOVVZWWlhXRmxhWTJSbFptZG9hV3B6ZEhWMmQzaDVlb0tEaElXR2g0aUppcEtUbEpXV2w1aVptcUtqcEtXbXA2aXBxckt6dExXMnQ3aTV1c0xEeE1YR3g4akp5dExUMU5YVzE5aloydUxqNU9YbTUranA2dkx6OVBYMjkvajUrdi9hQUF3REFRQUNFUU1SQUQ4QTdMVzdIVkpieWVldythUlJ3SzRNUm5HSHkrSExXZTU0OHFNblZkWG9qbU5WMUtmVU5ORWV2cHNlUHVLdWVLaEJRay90YkhrVStKY0ZVeFAxV012ZXZZNVc3K0tXbitDTk5sR21uTXJkU1RYdFR3bFNuS0VXdmkyUDErSERHTm5odnJTajd0cm5wbndtOGZyNDUwcGJqZURJUHZBVm5tdUJyNEdVRlVWcm41TGlhYzZlTk9ZK09maXJXdkJZaGwwbGlxeW5ERUN2a2NibGRITVpyMnZRKzVyNFZRbzM3bmp1czZuNGw4VGFleGE3eTdqcFhyeXd0T2NZUmYyZGo4OXBjTDRPbGkvcmNWNzE3bWw0Qi9aMTF6NGdLWWJpNEs1VW5yWHVWTVpPcEtFbjluWS9hYWZGV01wNFQ2b243dHJIYS9DendmcWZ3cThUWE9rVDdqRUdJQlBldnFhc3BaMVE5clczaWZKUnk2T0o1cTh0ejF6eEZvMXI0ZzFPRzJ2SWhMRVQwTmZtRXB1RW0wZlcxYVVaWUZTWndmeEsrR09tNlVEY1dja2x1VkhDcjByOGx4dkZPTm9ZMTBZMnNlWGdjRlRyMUZHUjJQd0x0NXRMQ1hLM1VramJmdXQwb3dYRk9OcjQxVVpXc0dPd1ZPaFVjWW1kNDAxT1c3K0lpYmdCazlxL3FQSTVPZUFtMmV2UnBSV0Jja2YvMlE9PSIgLz4KPC9zdmc+Cg== 32w, /img/asset/dGVzdF9jb250YWluZXIvdGVzdC5qcGc=?w=237&amp;h=158&amp;s=b73acb9b26f243ddf19a66a809a006ad 237w, /img/asset/dGVzdF9jb250YWluZXIvdGVzdC5qcGc=?w=284&amp;h=189.33333333333&amp;s=04298847c21049e6e1c3df749b0ff745 284w, /img/asset/dGVzdF9jb250YWluZXIvdGVzdC5qcGc=?w=340&amp;h=226.66666666667&amp;s=cfb581e8e727dfc47bdaec5a38e81307 340w"
             sizes="1px"         >
    
    <img
        
        src="/test/test.jpg"
         width="340"          height="340"                 onload="
            this.onload=null;
            var imgWidth = this.getBoundingClientRect().width;
            this.parentNode.querySelectorAll('source')
                .forEach(function (source) {
                    source.sizes=Math.ceil(imgWidth/window.innerWidth*100)+'vw';
                });
        "
            >
</picture>
