<picture>
                        <source
                type="image/webp"
                 media=""                 srcset="data:image/svg+xml;base64,PCFET0NUWVBFIHN2ZyBQVUJMSUMgIi0vL1czQy8vRFREIFNWRyAxLjEvL0VOIiAiaHR0cDovL3d3dy53My5vcmcvR3JhcGhpY3MvU1ZHLzEuMS9EVEQvc3ZnMTEuZHRkIj4KPHN2ZyB2ZXJzaW9uPSIxLjEiIHhtbG5zPSJodHRwOi8vd3d3LnczLm9yZy8yMDAwL3N2ZyIgeG1sbnM6eGxpbms9Imh0dHA6Ly93d3cudzMub3JnLzE5OTkveGxpbmsiIHhtbDpzcGFjZT0icHJlc2VydmUiIHg9IjAiCiAgICAgeT0iMCIgdmlld0JveD0iMCAwIDM0MCAzNDAiPgogICAgPGltYWdlIHdpZHRoPSIzNDAiIGhlaWdodD0iMzQwIiB4bGluazpocmVmPSJkYXRhOmltYWdlL2pwZWc7YmFzZTY0LC85ai80QUFRU2taSlJnQUJBUUFBQVFBQkFBRC8yd0JEQUFNQ0FnTUNBZ01EQXdNRUF3TUVCUWdGQlFRRUJRb0hCd1lJREFvTURBc0tDd3NORGhJUURRNFJEZ3NMRUJZUUVSTVVGUlVWREE4WEdCWVVHQklVRlJULzJ3QkRBUU1FQkFVRUJRa0ZCUWtVRFFzTkZCUVVGQlFVRkJRVUZCUVVGQlFVRkJRVUZCUVVGQlFVRkJRVUZCUVVGQlFVRkJRVUZCUVVGQlFVRkJRVUZCUVVGQlQvd0FBUkNBQWdBQ0FEQVJFQUFoRUJBeEVCLzhRQUZ3QUFBd0VBQUFBQUFBQUFBQUFBQUFBQUJRWURCLy9FQUNnUUFBRURBd01EQXdVQUFBQUFBQUFBQUFFQ0JBTUFCZ1VIRVJKQkZGRmhFeFloSWpGQ2NmL0VBQndCQUFFRUF3RUFBQUFBQUFBQUFBQUFBQWNHQlFNQUFnUUJDUC9FQUNJUkFBRUVBZ0VGQVFFQUFBQUFBQUFBQUFFQ0F3QUVFUklGTVNFVUlnWVRNdi9hQUF3REFRQUNFUU1SQUQ4QWRXOTlkcUFaQWRxbUpScjFqU3crVkgybE1oZHluVVBOdWVsUVpFY0V1b1VjQXlUQzh1emlLM0t3QVBKckxCbTRHbGtaQWhmRDNxMXpSS1lsZ24wckIvTGFOb211U3RMcWlLTHpJNGFCbjdiaGFVeUFkYUh2bFdqYUNSMGszSU1yWXJrbzZ4RHVTK1dtS2dXRzZ3UjZHbGNTdmRNR3ZFMkx5NzRTNW5YTXpiTWFndk1uQkltRGtmNVN3V2x2Uk9KN0w0dXR4NnFBVTVqYkVLNlEzazdaNVhnN0trcEovYW4yM1JaZm80Yi9BS2dOK21xQjF4U1dSRCtwRnRaSmVjVXFEbjdXL1Nob3kwMS9SRVV2SzF3RmxPTzBXM0Z1QndoTWJna0s2NzF0L3ExbnJFMjNUYlNyWktlODB6U1hTUEY1UndsTW9TcmZ6VXZrcFBiYU82Ykw3YWRRZTBKYXRhUXRyUlBjczBoR3czKzJsNzh5cnlId2hSeUk1Y2N4NUx2djNtcUl0eHE3a1VxZU5LdC9Jb1lyYVVHeUV5M3JhWDFaaTVjMmxMTjZUSkNBaytsRHkyM2ZTNGRlazVTTFJQdkM5aVdkOGRJazVIY1ZhamQ5VGcyNlMzUHlCOUpmVVpoTGNyTXhmbjZiVWJQbnJab3JTdFV6NCs0bXVySm4vOWs9IiAvPgo8L3N2Zz4K 32w, /img/asset/dGVzdF9jb250YWluZXIvdGVzdC5qcGc=?fm=webp&amp;w=237&amp;h=237&amp;s=3bb8f56ec97a14301c633df1b99f1aff 237w, /img/asset/dGVzdF9jb250YWluZXIvdGVzdC5qcGc=?fm=webp&amp;w=284&amp;h=284&amp;s=00efb1adaa53b6fa43b76209e299a418 284w, /img/asset/dGVzdF9jb250YWluZXIvdGVzdC5qcGc=?fm=webp&amp;w=340&amp;h=340&amp;s=0ab01b0d8c5ffbbc508400a067a1ead3 340w"
                 sizes="1px"             >
        
        <source
             media=""             srcset="data:image/svg+xml;base64,PCFET0NUWVBFIHN2ZyBQVUJMSUMgIi0vL1czQy8vRFREIFNWRyAxLjEvL0VOIiAiaHR0cDovL3d3dy53My5vcmcvR3JhcGhpY3MvU1ZHLzEuMS9EVEQvc3ZnMTEuZHRkIj4KPHN2ZyB2ZXJzaW9uPSIxLjEiIHhtbG5zPSJodHRwOi8vd3d3LnczLm9yZy8yMDAwL3N2ZyIgeG1sbnM6eGxpbms9Imh0dHA6Ly93d3cudzMub3JnLzE5OTkveGxpbmsiIHhtbDpzcGFjZT0icHJlc2VydmUiIHg9IjAiCiAgICAgeT0iMCIgdmlld0JveD0iMCAwIDM0MCAzNDAiPgogICAgPGltYWdlIHdpZHRoPSIzNDAiIGhlaWdodD0iMzQwIiB4bGluazpocmVmPSJkYXRhOmltYWdlL2pwZWc7YmFzZTY0LC85ai80QUFRU2taSlJnQUJBUUFBQVFBQkFBRC8yd0JEQUFNQ0FnTUNBZ01EQXdNRUF3TUVCUWdGQlFRRUJRb0hCd1lJREFvTURBc0tDd3NORGhJUURRNFJEZ3NMRUJZUUVSTVVGUlVWREE4WEdCWVVHQklVRlJULzJ3QkRBUU1FQkFVRUJRa0ZCUWtVRFFzTkZCUVVGQlFVRkJRVUZCUVVGQlFVRkJRVUZCUVVGQlFVRkJRVUZCUVVGQlFVRkJRVUZCUVVGQlFVRkJRVUZCUVVGQlQvd0FBUkNBQWdBQ0FEQVJFQUFoRUJBeEVCLzhRQUZ3QUFBd0VBQUFBQUFBQUFBQUFBQUFBQUJRWURCLy9FQUNnUUFBRURBd01EQXdVQUFBQUFBQUFBQUFFQ0JBTUFCZ1VIRVJKQkZGRmhFeFloSWpGQ2NmL0VBQndCQUFFRUF3RUFBQUFBQUFBQUFBQUFBQWNHQlFNQUFnUUJDUC9FQUNJUkFBRUVBZ0VGQVFFQUFBQUFBQUFBQUFFQ0F3QUVFUklGTVNFVUlnWVRNdi9hQUF3REFRQUNFUU1SQUQ4QWRXOTlkcUFaQWRxbUpScjFqU3crVkgybE1oZHluVVBOdWVsUVpFY0V1b1VjQXlUQzh1emlLM0t3QVBKckxCbTRHbGtaQWhmRDNxMXpSS1lsZ24wckIvTGFOb211U3RMcWlLTHpJNGFCbjdiaGFVeUFkYUh2bFdqYUNSMGszSU1yWXJrbzZ4RHVTK1dtS2dXRzZ3UjZHbGNTdmRNR3ZFMkx5NzRTNW5YTXpiTWFndk1uQkltRGtmNVN3V2x2Uk9KN0w0dXR4NnFBVTVqYkVLNlEzazdaNVhnN0trcEovYW4yM1JaZm80Yi9BS2dOK21xQjF4U1dSRCtwRnRaSmVjVXFEbjdXL1Nob3kwMS9SRVV2SzF3RmxPTzBXM0Z1QndoTWJna0s2NzF0L3ExbnJFMjNUYlNyWktlODB6U1hTUEY1UndsTW9TcmZ6VXZrcFBiYU82Ykw3YWRRZTBKYXRhUXRyUlBjczBoR3czKzJsNzh5cnlId2hSeUk1Y2N4NUx2djNtcUl0eHE3a1VxZU5LdC9Jb1lyYVVHeUV5M3JhWDFaaTVjMmxMTjZUSkNBaytsRHkyM2ZTNGRlazVTTFJQdkM5aVdkOGRJazVIY1ZhamQ5VGcyNlMzUHlCOUpmVVpoTGNyTXhmbjZiVWJQbnJab3JTdFV6NCs0bXVySm4vOWs9IiAvPgo8L3N2Zz4K 32w, /img/asset/dGVzdF9jb250YWluZXIvdGVzdC5qcGc=?w=237&amp;h=237&amp;s=44393a023c319a0682bdd54514e0f023 237w, /img/asset/dGVzdF9jb250YWluZXIvdGVzdC5qcGc=?w=284&amp;h=284&amp;s=b99d408d6e5b9310db88c812500237c6 284w, /img/asset/dGVzdF9jb250YWluZXIvdGVzdC5qcGc=?w=340&amp;h=340&amp;s=17f7533fe7c2d620c61e3f2ae758f422 340w"
             sizes="1px"         >
    
    <img
        
        src="/test/test.jpg"
         width="340"          height="340"                 onload="
            this.onload=null;
            var imgWidth = this.getBoundingClientRect().width;
            this.parentNode.querySelectorAll('source')
                .forEach(function (source) {
                    source.sizes=Math.ceil(imgWidth/window.innerWidth*100)+'vw';
                });
        "
            >
</picture>
