<picture>
                        <source
                type="image/webp"
                 media=""                 srcset="data:image/svg+xml;base64,PCFET0NUWVBFIHN2ZyBQVUJMSUMgIi0vL1czQy8vRFREIFNWRyAxLjEvL0VOIiAiaHR0cDovL3d3dy53My5vcmcvR3JhcGhpY3MvU1ZHLzEuMS9EVEQvc3ZnMTEuZHRkIj4KPHN2ZyB2ZXJzaW9uPSIxLjEiIHhtbG5zPSJodHRwOi8vd3d3LnczLm9yZy8yMDAwL3N2ZyIgeG1sbnM6eGxpbms9Imh0dHA6Ly93d3cudzMub3JnLzE5OTkveGxpbmsiIHhtbDpzcGFjZT0icHJlc2VydmUiIHg9IjAiCiAgICAgeT0iMCIgdmlld0JveD0iMCAwIDM0MCAyODAiPgogICAgPGltYWdlIHdpZHRoPSIzNDAiIGhlaWdodD0iMjgwIiB4bGluazpocmVmPSJkYXRhOmltYWdlL2pwZWc7YmFzZTY0LC85ai80QUFRU2taSlJnQUJBUUVBWUFCZ0FBRC8vZ0E3UTFKRlFWUlBVam9nWjJRdGFuQmxaeUIyTVM0d0lDaDFjMmx1WnlCSlNrY2dTbEJGUnlCMk9UQXBMQ0J4ZFdGc2FYUjVJRDBnT1RBSy85c0FRd0FEQWdJREFnSURBd01EQkFNREJBVUlCUVVFQkFVS0J3Y0dDQXdLREF3TENnc0xEUTRTRUEwT0VRNExDeEFXRUJFVEZCVVZGUXdQRnhnV0ZCZ1NGQlVVLzlzQVF3RURCQVFGQkFVSkJRVUpGQTBMRFJRVUZCUVVGQlFVRkJRVUZCUVVGQlFVRkJRVUZCUVVGQlFVRkJRVUZCUVVGQlFVRkJRVUZCUVVGQlFVRkJRVUZCUVUvOEFBRVFnQUdnQWdBd0VSQUFJUkFRTVJBZi9FQUI4QUFBRUZBUUVCQVFFQkFBQUFBQUFBQUFBQkFnTUVCUVlIQ0FrS0MvL0VBTFVRQUFJQkF3TUNCQU1GQlFRRUFBQUJmUUVDQXdBRUVRVVNJVEZCQmhOUllRY2ljUlF5Z1pHaENDTkNzY0VWVXRId0pETmljb0lKQ2hZWEdCa2FKU1luS0NrcU5EVTJOemc1T2tORVJVWkhTRWxLVTFSVlZsZFlXVnBqWkdWbVoyaHBhbk4wZFhaM2VIbDZnNFNGaG9lSWlZcVNrNVNWbHBlWW1acWlvNlNscHFlb3FhcXlzN1MxdHJlNHVickN3OFRGeHNmSXljclMwOVRWMXRmWTJkcmg0dVBrNWVibjZPbnE4Zkx6OVBYMjkvajUrdi9FQUI4QkFBTUJBUUVCQVFFQkFRRUFBQUFBQUFBQkFnTUVCUVlIQ0FrS0MvL0VBTFVSQUFJQkFnUUVBd1FIQlFRRUFBRUNkd0FCQWdNUkJBVWhNUVlTUVZFSFlYRVRJaktCQ0JSQ2thR3h3UWtqTTFMd0ZXSnkwUW9XSkRUaEpmRVhHQmthSmljb0tTbzFOamM0T1RwRFJFVkdSMGhKU2xOVVZWWlhXRmxhWTJSbFptZG9hV3B6ZEhWMmQzaDVlb0tEaElXR2g0aUppcEtUbEpXV2w1aVptcUtqcEtXbXA2aXBxckt6dExXMnQ3aTV1c0xEeE1YR3g4akp5dExUMU5YVzE5aloydUxqNU9YbTUranA2dkx6OVBYMjkvajUrdi9hQUF3REFRQUNFUU1SQUQ4QTdyWFBGTjdwZDFLNnhOSkVnemdDclZhakNEOW83TThtVldwN2F5Mk02WHg5Y2F6WUxMYXQ5amtIM2cvRll1Y1ZadDduUkhHMEhMa1VsY3B0OFQxOE4yVWsrbzNTVHYyVlRXN3B5VFNhM1BiK3BZaHc1MUYyT3Y4QUIvakdEeGJaSmRXN0FxZW9IYXNzVkdkQnBTVnJueU5YRlZhZUo5bjBPUDhBaVo4UmsrSEVnTTFtTGtUY0RJcjQzTnN0clpoS1BzNVdzZlRWTUs0VW0zMVBIUEZYeFN2ZFRzSkpMUFRmS0RESTJDdmRxWVdjNFVvMytFL0pzUHd4aXFXWS9XNVZIeTN2WTQvVC9ESGkzNGd3R08ydFpDeEdlaHI2K3RqSVZKMHBKZkNmMVpSNHB3c011V0ZkSmMxclhQVnYyZTU5VDhKWGsramFxanJLall3MWU3bXlobk1JMXFNYmNwK1FWY3VsaWFyeEVkajFiNGplQW9QSGJ3MjA2N1FweUd4MHI4NnZLRW03SDFsWlU1NFpPK3A1MTRqK0QycitIbEJzRVc1dFZIUWl2a3NYeEtzSlc5bEtEUE53MkRlSm55cG5xWHdPdGI3UTVFbXY3R09PRXJqcFR3bkVxeGRiMlVZTU1UZzNocE9MWlc4VjZmSFA0OE56WjJvU056bG1VViswWlZpWUxCempKNm5xMEZTaGhYcnFkcTQvZUN2ano1MjdzVFhIeldiZzhqM3I1RE02Y0hQVkk3c0UycWlzRnY4QUxab0J3UGFqTEtjRlBSSU1hMjZqdVUyUlRQbkF6NjRyN2VtMm9zNGJ2bFAvMlE9PSIgLz4KPC9zdmc+Cg== 32w, /img/asset/dGVzdF9jb250YWluZXIvdGVzdC5qcGc=?blur=10&amp;fm=webp&amp;w=237&amp;h=195.17647058824&amp;s=e6a90be354a798178dcb1fc572f4edbc 237w, /img/asset/dGVzdF9jb250YWluZXIvdGVzdC5qcGc=?blur=10&amp;fm=webp&amp;w=284&amp;h=233.88235294118&amp;s=585f172267ede3ab4774516104dd7102 284w, /img/asset/dGVzdF9jb250YWluZXIvdGVzdC5qcGc=?blur=10&amp;fm=webp&amp;w=340&amp;h=280&amp;s=cadc853e73125b3e89dcca84cae1043f 340w"
                 sizes="1px"             >
        
        <source
             media=""             srcset="data:image/svg+xml;base64,PCFET0NUWVBFIHN2ZyBQVUJMSUMgIi0vL1czQy8vRFREIFNWRyAxLjEvL0VOIiAiaHR0cDovL3d3dy53My5vcmcvR3JhcGhpY3MvU1ZHLzEuMS9EVEQvc3ZnMTEuZHRkIj4KPHN2ZyB2ZXJzaW9uPSIxLjEiIHhtbG5zPSJodHRwOi8vd3d3LnczLm9yZy8yMDAwL3N2ZyIgeG1sbnM6eGxpbms9Imh0dHA6Ly93d3cudzMub3JnLzE5OTkveGxpbmsiIHhtbDpzcGFjZT0icHJlc2VydmUiIHg9IjAiCiAgICAgeT0iMCIgdmlld0JveD0iMCAwIDM0MCAyODAiPgogICAgPGltYWdlIHdpZHRoPSIzNDAiIGhlaWdodD0iMjgwIiB4bGluazpocmVmPSJkYXRhOmltYWdlL2pwZWc7YmFzZTY0LC85ai80QUFRU2taSlJnQUJBUUVBWUFCZ0FBRC8vZ0E3UTFKRlFWUlBVam9nWjJRdGFuQmxaeUIyTVM0d0lDaDFjMmx1WnlCSlNrY2dTbEJGUnlCMk9UQXBMQ0J4ZFdGc2FYUjVJRDBnT1RBSy85c0FRd0FEQWdJREFnSURBd01EQkFNREJBVUlCUVVFQkFVS0J3Y0dDQXdLREF3TENnc0xEUTRTRUEwT0VRNExDeEFXRUJFVEZCVVZGUXdQRnhnV0ZCZ1NGQlVVLzlzQVF3RURCQVFGQkFVSkJRVUpGQTBMRFJRVUZCUVVGQlFVRkJRVUZCUVVGQlFVRkJRVUZCUVVGQlFVRkJRVUZCUVVGQlFVRkJRVUZCUVVGQlFVRkJRVUZCUVUvOEFBRVFnQUdnQWdBd0VSQUFJUkFRTVJBZi9FQUI4QUFBRUZBUUVCQVFFQkFBQUFBQUFBQUFBQkFnTUVCUVlIQ0FrS0MvL0VBTFVRQUFJQkF3TUNCQU1GQlFRRUFBQUJmUUVDQXdBRUVRVVNJVEZCQmhOUllRY2ljUlF5Z1pHaENDTkNzY0VWVXRId0pETmljb0lKQ2hZWEdCa2FKU1luS0NrcU5EVTJOemc1T2tORVJVWkhTRWxLVTFSVlZsZFlXVnBqWkdWbVoyaHBhbk4wZFhaM2VIbDZnNFNGaG9lSWlZcVNrNVNWbHBlWW1acWlvNlNscHFlb3FhcXlzN1MxdHJlNHVickN3OFRGeHNmSXljclMwOVRWMXRmWTJkcmg0dVBrNWVibjZPbnE4Zkx6OVBYMjkvajUrdi9FQUI4QkFBTUJBUUVCQVFFQkFRRUFBQUFBQUFBQkFnTUVCUVlIQ0FrS0MvL0VBTFVSQUFJQkFnUUVBd1FIQlFRRUFBRUNkd0FCQWdNUkJBVWhNUVlTUVZFSFlYRVRJaktCQ0JSQ2thR3h3UWtqTTFMd0ZXSnkwUW9XSkRUaEpmRVhHQmthSmljb0tTbzFOamM0T1RwRFJFVkdSMGhKU2xOVVZWWlhXRmxhWTJSbFptZG9hV3B6ZEhWMmQzaDVlb0tEaElXR2g0aUppcEtUbEpXV2w1aVptcUtqcEtXbXA2aXBxckt6dExXMnQ3aTV1c0xEeE1YR3g4akp5dExUMU5YVzE5aloydUxqNU9YbTUranA2dkx6OVBYMjkvajUrdi9hQUF3REFRQUNFUU1SQUQ4QTdyWFBGTjdwZDFLNnhOSkVnemdDclZhakNEOW83TThtVldwN2F5Mk02WHg5Y2F6WUxMYXQ5amtIM2cvRll1Y1ZadDduUkhHMEhMa1VsY3B0OFQxOE4yVWsrbzNTVHYyVlRXN3B5VFNhM1BiK3BZaHc1MUYyT3Y4QUIvakdEeGJaSmRXN0FxZW9IYXNzVkdkQnBTVnJueU5YRlZhZUo5bjBPUDhBaVo4UmsrSEVnTTFtTGtUY0RJcjQzTnN0clpoS1BzNVdzZlRWTUs0VW0zMVBIUEZYeFN2ZFRzSkpMUFRmS0RESTJDdmRxWVdjNFVvMytFL0pzUHd4aXFXWS9XNVZIeTN2WTQvVC9ESGkzNGd3R08ydFpDeEdlaHI2K3RqSVZKMHBKZkNmMVpSNHB3c011V0ZkSmMxclhQVnYyZTU5VDhKWGsramFxanJLall3MWU3bXlobk1JMXFNYmNwK1FWY3VsaWFyeEVkajFiNGplQW9QSGJ3MjA2N1FweUd4MHI4NnZLRW03SDFsWlU1NFpPK3A1MTRqK0QycitIbEJzRVc1dFZIUWl2a3NYeEtzSlc5bEtEUE53MkRlSm55cG5xWHdPdGI3UTVFbXY3R09PRXJqcFR3bkVxeGRiMlVZTU1UZzNocE9MWlc4VjZmSFA0OE56WjJvU056bG1VViswWlZpWUxCempKNm5xMEZTaGhYcnFkcTQvZUN2ano1MjdzVFhIeldiZzhqM3I1RE02Y0hQVkk3c0UycWlzRnY4QUxab0J3UGFqTEtjRlBSSU1hMjZqdVUyUlRQbkF6NjRyN2VtMm9zNGJ2bFAvMlE9PSIgLz4KPC9zdmc+Cg== 32w, /img/asset/dGVzdF9jb250YWluZXIvdGVzdC5qcGc=?blur=10&amp;w=237&amp;h=195.17647058824&amp;s=1c4dc2e854813190afb6c3008183d739 237w, /img/asset/dGVzdF9jb250YWluZXIvdGVzdC5qcGc=?blur=10&amp;w=284&amp;h=233.88235294118&amp;s=1c94aa64597017eb5c51ec44dac242b4 284w, /img/asset/dGVzdF9jb250YWluZXIvdGVzdC5qcGc=?blur=10&amp;w=340&amp;h=280&amp;s=358f76e3c9af9ece93ec392dab0260d8 340w"
             sizes="1px"         >
    
    <img
        
        src="/test/test.jpg"
         width="340"          height="280"                 onload="
            this.onload=null;
            var imgWidth = this.getBoundingClientRect().width;
            this.parentNode.querySelectorAll('source')
                .forEach(function (source) {
                    source.sizes=Math.ceil(imgWidth/window.innerWidth*100)+'vw';
                });
        "
            >
</picture>
