<picture>
    
    <img
        
        src="/test/hackerman.gif"
         width="480"          height="270"             >
</picture>
