<picture>
    
    <img
        
        src="/test/test.svg"
                            >
</picture>
