<picture>
            
        <source
             media=""             srcset="data:image/svg+xml;base64,PCFET0NUWVBFIHN2ZyBQVUJMSUMgIi0vL1czQy8vRFREIFNWRyAxLjEvL0VOIiAiaHR0cDovL3d3dy53My5vcmcvR3JhcGhpY3MvU1ZHLzEuMS9EVEQvc3ZnMTEuZHRkIj4KPHN2ZyB2ZXJzaW9uPSIxLjEiIHhtbG5zPSJodHRwOi8vd3d3LnczLm9yZy8yMDAwL3N2ZyIgeG1sbnM6eGxpbms9Imh0dHA6Ly93d3cudzMub3JnLzE5OTkveGxpbmsiIHhtbDpzcGFjZT0icHJlc2VydmUiIHg9IjAiCiAgICAgeT0iMCIgdmlld0JveD0iMCAwIDM0MCAyODAiPgogICAgPGltYWdlIHdpZHRoPSIzNDAiIGhlaWdodD0iMjgwIiB4bGluazpocmVmPSJkYXRhOmltYWdlL2pwZWc7YmFzZTY0LC85ai80QUFRU2taSlJnQUJBUUFBQVFBQkFBRC8yd0JEQUFNQ0FnTUNBZ01EQXdNRUF3TUVCUWdGQlFRRUJRb0hCd1lJREFvTURBc0tDd3NORGhJUURRNFJEZ3NMRUJZUUVSTVVGUlVWREE4WEdCWVVHQklVRlJULzJ3QkRBUU1FQkFVRUJRa0ZCUWtVRFFzTkZCUVVGQlFVRkJRVUZCUVVGQlFVRkJRVUZCUVVGQlFVRkJRVUZCUVVGQlFVRkJRVUZCUVVGQlFVRkJRVUZCUVVGQlQvd0FBUkNBQWFBQ0FEQVJFQUFoRUJBeEVCLzhRQUdRQUFBZ01CQUFBQUFBQUFBQUFBQUFBQUJ3WUVCUUFCLzhRQUpoQUFBUUlGQkFJQ0F3QUFBQUFBQUFBQUFRSURBQVFHQlJFSEVqRnhFeUZCRkZHQmtmL0VBQndCQUFFRUF3RUFBQUFBQUFBQUFBQUFBQVlGQkFBQ0J3TUJDUC9FQUNBUkFBSUNBZ0lEQVFFQUFBQUFBQUFBQUFFREFnQUVFUklUSVRFRkZDTC8yZ0FNQXdFQUFoRURFUUEvQUNSZDc3TXlieWlnRWdSVXZYQWFrYW1TWktNdG4xYW1hckoxYlJKVnNJL01WREluMVl2UFZPZldENXRjZFRtcldrK1o0SDl3NmlxUnBJTUIwbDlnSGl0OUoxZzFVTGU5dFFNYTNybXIzUk5qcHdkd05VdFE2cVJUeFVGSTNaZ1V6TVpybWJpYXR2eGRxTkQxK3JxWW5HbEdXVGpNS3lVeWlCdTQvd0FiNVQxNXZhVDQzVnlYcDYvVlVoU20wcUk1OVFVcWZHSkc3NkVSOVpFTUxwSTg2cFUwY2JuNmZtUkt6Z1VEbkh1RmJNWEhLVnlpTGpsK0gzTkxSU1RXMUVJcVZSQ2t3Q1NKanMwaGx3a3FqbTY2U1BXL0hpYjNKNmdheWZyelJManFzVVl3WWFTTkxLZFJiV1Q5aVhISHlJN2kvWW0rZkhWczVIVWRic2k4V1pzWDN5c05oSXo4Q01yNFdSSDgralg4T0VWVnd3TjNFQ3N2VlI5blY1Tm9TcHM1U0QyTzRFOHlFVEwxWEdPU0RkSm9TbHIwQU9oRXdvUkV2QXNlVHV4MXBCbU9CL0lOMUgrTG9CUEcvd0QvMlE9PSIgLz4KPC9zdmc+Cg== 32w, /img/asset/dGVzdF9jb250YWluZXIvdGVzdC5qcGc=?w=237&amp;h=195.17647058824&amp;s=5f279c6423bff49fb0d948fafed2a008 237w, /img/asset/dGVzdF9jb250YWluZXIvdGVzdC5qcGc=?w=284&amp;h=233.88235294118&amp;s=5a8688aa9c2d3e962a0660d7a794f606 284w, /img/asset/dGVzdF9jb250YWluZXIvdGVzdC5qcGc=?w=340&amp;h=280&amp;s=6ccad3dd4358725c8a63ee40bf6bd89b 340w"
             sizes="1px"         >
    
    <img
        
        src="/test/test.jpg"
         width="340"          height="280"                 onload="
            this.onload=null;
            var imgWidth = this.getBoundingClientRect().width;
            this.parentNode.querySelectorAll('source')
                .forEach(function (source) {
                    source.sizes=Math.ceil(imgWidth/window.innerWidth*100)+'vw';
                });
        "
            >
</picture>
